// Jest Snapshot v1, https://goo.gl/fbAQLP

exports[`render correctly 1`] = `
.c0 {
  fill: rgb(0,0,0);
  height: 10px;
  width: 10px;
}

.c0:hover {
  fill: hsl(0,0%,0%);
}

<rect
  className="bar c0"
  size={
    Object {
      "height": 10,
      "width": 10,
    }
  }
  value={0}
  x={0}
  y={0}
/>
`;

exports[`render correctly and show the value 1`] = `
.c0 {
  fill: rgb(0,0,0);
  height: 10px;
  width: 10px;
}

.c0:hover {
  fill: hsl(0,0%,0%);
}

<rect
  className="bar c0"
  size={
    Object {
      "height": 10,
      "width": 10,
    }
  }
  value={0}
  x={0}
  y={0}
/>
`;
