// Jest Snapshot v1, https://goo.gl/fbAQLP

exports[`render correctly 1`] = `
Array [
  .c0 {
  fill: rgb(127,29,24);
  height: NaNpx;
  width: px;
}

.c0:hover {
  fill: hsl(2.8999999999999773,68.2%,23.7%);
}

<g
    className="bar-layer"
  >
    <rect
      className="bar c0"
      onMouseEnter={[Function]}
      onMouseLeave={[Function]}
      onMouseMove={[Function]}
      size={
        Object {
          "height": NaN,
          "width": undefined,
        }
      }
    />
    <rect
      className="bar c0"
      onMouseEnter={[Function]}
      onMouseLeave={[Function]}
      onMouseMove={[Function]}
      size={
        Object {
          "height": NaN,
          "width": undefined,
        }
      }
    />
  </g>,
  .c0 {
  fill: rgb(255,131,124);
  height: NaNpx;
  width: px;
}

.c0:hover {
  fill: hsl(3.1999999999999886,100%,59.5%);
}

<g
    className="baz-layer"
  >
    <rect
      className="bar c0"
      onMouseEnter={[Function]}
      onMouseLeave={[Function]}
      onMouseMove={[Function]}
      size={
        Object {
          "height": NaN,
          "width": undefined,
        }
      }
    />
    <rect
      className="bar c0"
      onMouseEnter={[Function]}
      onMouseLeave={[Function]}
      onMouseMove={[Function]}
      size={
        Object {
          "height": NaN,
          "width": undefined,
        }
      }
    />
  </g>,
]
`;

exports[`render correctly with date 1`] = `
Array [
  .c0 {
  fill: rgb(127,29,24);
  height: NaNpx;
  width: px;
}

.c0:hover {
  fill: hsl(2.8999999999999773,68.2%,23.7%);
}

<g
    className="bar-layer"
  >
    <rect
      className="bar c0"
      onMouseEnter={[Function]}
      onMouseLeave={[Function]}
      onMouseMove={[Function]}
      size={
        Object {
          "height": NaN,
          "width": undefined,
        }
      }
    />
    <rect
      className="bar c0"
      onMouseEnter={[Function]}
      onMouseLeave={[Function]}
      onMouseMove={[Function]}
      size={
        Object {
          "height": NaN,
          "width": undefined,
        }
      }
    />
  </g>,
  .c0 {
  fill: rgb(255,131,124);
  height: NaNpx;
  width: px;
}

.c0:hover {
  fill: hsl(3.1999999999999886,100%,59.5%);
}

<g
    className="baz-layer"
  >
    <rect
      className="bar c0"
      onMouseEnter={[Function]}
      onMouseLeave={[Function]}
      onMouseMove={[Function]}
      size={
        Object {
          "height": NaN,
          "width": undefined,
        }
      }
    />
    <rect
      className="bar c0"
      onMouseEnter={[Function]}
      onMouseLeave={[Function]}
      onMouseMove={[Function]}
      size={
        Object {
          "height": NaN,
          "width": undefined,
        }
      }
    />
  </g>,
]
`;
